// Jest Snapshot v1, https://goo.gl/fbAQLP

exports[`should respond to destination query 1`] = `"{\\"data\\":{\\"destination\\":{\\"_id\\":3,\\"name\\":[\\"Nagoya\\",\\"Нагоя\\",\\"名古屋市\\",\\"NGO\\",\\"NKM\\"],\\"iata\\":\\"NGO\\",\\"name_en\\":\\"Nagoya\\",\\"country_en\\":\\"Japan\\",\\"museumRating\\":1,\\"museumDescription\\":\\"Ut tempor ex vel eleifend lobortis. Nunc vel tortor odio\\",\\"zooAquaRating\\":3,\\"zooAquaDescription\\":\\"Lorem ipsum dolor sit amet, consectetur adipiscing elit\\",\\"wellnessSpaRating\\":3,\\"wellnessSpaDescription\\":\\"Quisque scelerisque congue magna a vestibulum. Donec sed tincidunt purus\\",\\"mountainsRating\\":4,\\"mountainsDescription\\":\\"Pellentesque eu leo sed urna mattis suscipit eu eu tortor. Praesent auctor quam eu ex tristique pretium\\",\\"beachRating\\":0,\\"beachDescription\\":\\"Lorem ipsum dolor sit amet, consectetur adipiscing elit\\",\\"foodRating\\":2,\\"foodDescription\\":\\"Quisque scelerisque congue magna a vestibulum. Donec sed tincidunt purus\\",\\"shoppingRating\\":4,\\"shoppingDescription\\":\\"Lorem ipsum dolor sit amet, consectetur adipiscing elit\\",\\"historicalRating\\":0,\\"historicalDescription\\":\\"Vestibulum ante ipsum primis in faucibus orci luctus et ultrices posuere cubilia Curae; Aliquam tortor elit, vehicula ut enim pharetra, sagittis fermentum nulla\\",\\"natureRating\\":1,\\"natureDescription\\":\\"Ut tempor ex vel eleifend lobortis. Nunc vel tortor odio\\"}}}"`;

exports[`should respond to destinationRating with all parameters passed 1`] = `"{\\"data\\":{\\"destinationRating\\":[{\\"_id\\":5,\\"name\\":[\\"Nagasaki\\",\\"Нагасаки\\",\\"長崎市\\",\\"NGS\\"],\\"iata\\":\\"NGS\\",\\"name_en\\":\\"Nagasaki\\",\\"country_en\\":\\"Japan\\",\\"museumRating\\":4,\\"museumDescription\\":\\"Pellentesque eu leo sed urna mattis suscipit eu eu tortor. Praesent auctor quam eu ex tristique pretium\\",\\"zooAquaRating\\":5,\\"zooAquaDescription\\":\\"Pellentesque eu leo sed urna mattis suscipit eu eu tortor. Praesent auctor quam eu ex tristique pretium\\",\\"wellnessSpaRating\\":3,\\"wellnessSpaDescription\\":\\"Proin pharetra ante est, eget convallis magna tempor id. Etiam vitae aliquet massa\\",\\"mountainsRating\\":4,\\"mountainsDescription\\":\\"Quisque scelerisque congue magna a vestibulum. Donec sed tincidunt purus\\",\\"beachRating\\":3,\\"beachDescription\\":\\"Ut tempor ex vel eleifend lobortis. Nunc vel tortor odio\\",\\"foodRating\\":4,\\"foodDescription\\":\\"Proin pharetra ante est, eget convallis magna tempor id. Etiam vitae aliquet massa\\",\\"shoppingRating\\":3,\\"shoppingDescription\\":\\"Ut tempor ex vel eleifend lobortis. Nunc vel tortor odio\\",\\"historicalRating\\":5,\\"historicalDescription\\":\\"Quisque scelerisque congue magna a vestibulum. Donec sed tincidunt purus\\",\\"natureRating\\":5,\\"natureDescription\\":\\"Pellentesque eu leo sed urna mattis suscipit eu eu tortor. Praesent auctor quam eu ex tristique pretium\\"}]}}"`;

exports[`should respond to destinationStartsWith query with capital letter 1`] = `"{\\"data\\":{\\"destinationStartsWith\\":[{\\"_id\\":1,\\"name_en\\":\\"Osaka\\",\\"name\\":[\\"Osaka\\",\\"Осака\\",\\"大阪市\\",\\"KIX\\",\\"OSA\\",\\"ITM\\"],\\"iata\\":\\"OSA\\",\\"country_en\\":\\"Japan\\"},{\\"_id\\":4,\\"name_en\\":\\"Sapporo\\",\\"name\\":[\\"Sapporo\\",\\"Саппоро\\",\\"札幌市\\",\\"SPK\\",\\"CTS\\",\\"OKD\\"],\\"iata\\":\\"SPK\\",\\"country_en\\":\\"Japan\\"}]}}"`;

exports[`should respond to destinationStartsWith query with lowercase letter 1`] = `"{\\"data\\":{\\"destinationStartsWith\\":[{\\"_id\\":1,\\"name_en\\":\\"Osaka\\",\\"name\\":[\\"Osaka\\",\\"Осака\\",\\"大阪市\\",\\"KIX\\",\\"OSA\\",\\"ITM\\"],\\"iata\\":\\"OSA\\",\\"country_en\\":\\"Japan\\"},{\\"_id\\":4,\\"name_en\\":\\"Sapporo\\",\\"name\\":[\\"Sapporo\\",\\"Саппоро\\",\\"札幌市\\",\\"SPK\\",\\"CTS\\",\\"OKD\\"],\\"iata\\":\\"SPK\\",\\"country_en\\":\\"Japan\\"}]}}"`;

exports[`should respond to originStartsWith query with capital letter 1`] = `"{\\"data\\":{\\"originStartsWith\\":[{\\"_id\\":1,\\"name_en\\":\\"Tokyo\\",\\"name\\":[\\"Tokyo\\",\\"東京\\",\\"Токио\\",\\"TYO\\",\\"NRT\\",\\"HND\\"],\\"iata\\":\\"TYO\\",\\"country_en\\":\\"Japan\\"}]}}"`;

exports[`should respond to originStartsWith query with lowercase letter 1`] = `"{\\"data\\":{\\"originStartsWith\\":[{\\"_id\\":1,\\"name_en\\":\\"Tokyo\\",\\"name\\":[\\"Tokyo\\",\\"東京\\",\\"Токио\\",\\"TYO\\",\\"NRT\\",\\"HND\\"],\\"iata\\":\\"TYO\\",\\"country_en\\":\\"Japan\\"}]}}"`;

exports[`should respond to travel query 1`] = `"{\\"data\\":{\\"travel\\":{\\"_id\\":\\"5bbce95f81e97acfcd8e0a76\\",\\"destination\\":{\\"_id\\":1,\\"name_en\\":\\"Osaka\\",\\"country_en\\":\\"Japan\\"},\\"date\\":\\"2018-10-24\\",\\"priceAirplane\\":53}}}"`;
