// Jest Snapshot v1, https://goo.gl/fbAQLP

exports[`should respond to destination query 1`] = `"{\\"data\\":{\\"destination\\":{\\"_id\\":3,\\"name\\":[\\"Nagoya\\",\\"Нагоя\\",\\"名古屋市\\",\\"NGO\\",\\"NKM\\"],\\"iata\\":\\"NGO\\",\\"nameEn\\":\\"Nagoya\\",\\"countryEn\\":\\"Japan\\",\\"museumRating\\":1,\\"museumDescription\\":\\"Ut tempor ex vel eleifend lobortis. Nunc vel tortor odio\\",\\"beachRating\\":0,\\"beachDescription\\":\\"Lorem ipsum dolor sit amet, consectetur adipiscing elit\\",\\"foodRating\\":2,\\"foodDescription\\":\\"Quisque scelerisque congue magna a vestibulum. Donec sed tincidunt purus\\",\\"shoppingRating\\":4,\\"shoppingDescription\\":\\"Lorem ipsum dolor sit amet, consectetur adipiscing elit\\",\\"natureRating\\":1,\\"natureDescription\\":\\"Ut tempor ex vel eleifend lobortis. Nunc vel tortor odio\\"}}}"`;

exports[`should respond to destinationRating with all parameters passed 1`] = `"{\\"data\\":{\\"destinationRating\\":[{\\"_id\\":5,\\"name\\":[\\"Nagasaki\\",\\"Нагасаки\\",\\"長崎市\\",\\"NGS\\"],\\"iata\\":\\"NGS\\",\\"nameEn\\":\\"Nagasaki\\",\\"countryEn\\":\\"Japan\\",\\"museumRating\\":4,\\"museumDescription\\":\\"Pellentesque eu leo sed urna mattis suscipit eu eu tortor. Praesent auctor quam eu ex tristique pretium\\",\\"beachRating\\":3,\\"beachDescription\\":\\"Ut tempor ex vel eleifend lobortis. Nunc vel tortor odio\\",\\"foodRating\\":4,\\"foodDescription\\":\\"Proin pharetra ante est, eget convallis magna tempor id. Etiam vitae aliquet massa\\",\\"shoppingRating\\":3,\\"shoppingDescription\\":\\"Ut tempor ex vel eleifend lobortis. Nunc vel tortor odio\\",\\"nightlifeRating\\":5,\\"nightlifeDescription\\":\\"Quisque scelerisque congue magna a vestibulum. Donec sed tincidunt purus\\",\\"natureRating\\":5,\\"natureDescription\\":\\"Pellentesque eu leo sed urna mattis suscipit eu eu tortor. Praesent auctor quam eu ex tristique pretium\\"}]}}"`;

exports[`should respond to destinationStartsWith query with lowercase letter 1`] = `"{\\"data\\":{\\"destinationStartsWith\\":[{\\"_id\\":1,\\"nameEn\\":\\"Osaka\\",\\"name\\":[\\"Osaka\\",\\"Осака\\",\\"大阪市\\",\\"KIX\\",\\"OSA\\",\\"ITM\\"],\\"iata\\":\\"OSA\\",\\"countryEn\\":\\"Japan\\"},{\\"_id\\":4,\\"nameEn\\":\\"Sapporo\\",\\"name\\":[\\"Sapporo\\",\\"Саппоро\\",\\"札幌市\\",\\"SPK\\",\\"CTS\\",\\"OKD\\"],\\"iata\\":\\"SPK\\",\\"countryEn\\":\\"Japan\\"}]}}"`;

exports[`should respond to originStartsWith query with lowercase letter 1`] = `"{\\"data\\":{\\"originStartsWith\\":[{\\"_id\\":1,\\"nameEn\\":\\"Tokyo\\",\\"name\\":[\\"Tokyo\\",\\"東京\\",\\"Токио\\",\\"TYO\\",\\"NRT\\",\\"HND\\"],\\"iata\\":\\"TYO\\",\\"countryEn\\":\\"Japan\\"}]}}"`;

exports[`should respond to travel query 1`] = `"{\\"data\\":{\\"travel\\":{\\"_id\\":\\"5bbce95f81e97acfcd8e0a76\\",\\"destination\\":{\\"_id\\":1,\\"nameEn\\":\\"Osaka\\",\\"countryEn\\":\\"Japan\\"},\\"date\\":\\"2018-10-24\\",\\"priceAirplane\\":53,\\"priceHotel\\":75}}}"`;

exports[`should respond to travelFull query 1`] = `"{\\"data\\":{\\"travelFull\\":{\\"_id\\":\\"5bbce95f81e97acfcd8e0a76\\",\\"destination\\":{\\"_id\\":1,\\"nameEn\\":\\"Osaka\\",\\"countryEn\\":\\"Japan\\"},\\"date\\":\\"2018-10-24\\",\\"priceAirplane\\":53,\\"priceHotel\\":25}}}"`;
